../Core/Src/APDS9930.c:38:9:APDS9930_Init	24	static
../Core/Src/APDS9930.c:135:19:APDS9930_ENABLE_Write	24	static
../Core/Src/APDS9930.c:147:19:APDS9930_ATIME_Write	24	static
../Core/Src/APDS9930.c:155:19:APDS9930_PTIME_Write	24	static
../Core/Src/APDS9930.c:161:19:APDS9930_WTIME_Write	24	static
../Core/Src/APDS9930.c:167:19:APDS9930_AILTx_Write	16	static
../Core/Src/APDS9930.c:171:19:APDS9930_AIHTx_Write	16	static
../Core/Src/APDS9930.c:175:19:APDS9930_PILTx_Write	16	static
../Core/Src/APDS9930.c:179:19:APDS9930_PIHTx_Write	16	static
../Core/Src/APDS9930.c:183:19:APDS9930_PERS_Write	24	static
../Core/Src/APDS9930.c:190:19:APDS9930_CONFIG_Write	24	static
../Core/Src/APDS9930.c:201:19:APDS9930_PPULSE_Write	16	static
../Core/Src/APDS9930.c:205:19:APDS9930_CONTROL_Write	24	static
../Core/Src/APDS9930.c:214:19:APDS9930_POFFSET_Write	24	static
../Core/Src/APDS9930.c:225:19:APDS9930_ReadLux	40	static
../Core/Src/APDS9930.c:248:19:APDS9930_ReadProximity	24	static
../Core/Src/APDS9930.c:262:19:APDS9930_ReadRegister	40	static
../Core/Src/APDS9930.c:273:19:APDS9930_WORD_ReadRegister	40	static
../Core/Src/APDS9930.c:284:19:APDS9930_WriteRegister	40	static
../Core/Src/APDS9930.c:295:19:APDS9930_CLI_WriteRegister	24	static
../Core/Src/APDS9930.c:303:19:APDS9930_WORD_WriteRegister	40	static
../Core/Src/APDS9930.c:315:19:APDS9930_WORD_WriteRegister_2	40	static
../Core/Src/APDS9930.c:329:7:Max	24	static
../Core/Src/APDS9930.c:343:9:Pow	24	static
